---
source: fleet-ui/tests/review_ios_page_design_snapshot.rs
expression: out
---
"╭ REVIEW ──────────────────────────────────────────────────────────────────────────────────────────────────────────────────────────╮"
"│                                                                                                                                  │"
"│                                                                                                                                  │"
"│  REVIEW QUEUE  ·  1 pending                                                                    ◖ ● auto-reviewer on · last 2s ◗  │"
"│                                                                                                                                  │"
"│  approval queue · auto-reviewer rationale · file risk                                                                            │"
"│  ╭ APPROVAL QUEUE ────────────────────────────────────────────────────────────────────╮╭ RECENT DECISIONS ────────────────────╮  │"
"│  │                                                                                    ││  LOW  REV-141 approved 4m            │  │"
"│  │ ╭ REV-142 ───────────────────────────────────────────────────────────────────────╮ ││  HIGH  REV-140 denied 11m            │  │"
"│  │ │ full-bringup removes stale tab strip pane   MED   AUTH HIGH                    │ ││  MED  REV-139 verified 18m           │  │"
"│  │ │                                                                                │ ││                                      │  │"
"│  │ │ AUTO-REVIEWER RATIONALE                                                        │ ││                                      │  │"
"│  │ │ Diff is isolated to tmux launch plumbing; smoke evidence shows the worker grid │ ││                                      │  │"
"│  │ │ owns all panes and no tab-strip panel remains.                                 │ ││                                      │  │"
"│  │ │                                                                                │ ││                                      │  │"
"│  │ │ FILES TOUCHED                                                                  │ ││                                      │  │"
"│  │ │ • scripts/codex-fleet/full-bringup.sh                                          │ ││                                      │  │"
"│  │ │ • scripts/codex-fleet/overview-header.sh                                       │ ││                                      │  │"
"│  │ │ [A] approve  [V] verify  [D] deny                                              │ ││                                      │  │"
"│  │ ╰────────────────────────────────────────────────────────────────────────────────╯ ││                                      │  │"
"│  │                                                                                    ││                                      │  │"
"│  │                                                                                    ││                                      │  │"
"│  │                                                                                    ││                                      │  │"
"│  │                                                                                    ││                                      │  │"
"│  │                                                                                    ││                                      │  │"
"│  │                                                                                    ││                                      │  │"
"│  │                                                                                    ││                                      │  │"
"│  │                                                                                    ││                                      │  │"
"│  │                                                                                    ││                                      │  │"
"│  ╰────────────────────────────────────────────────────────────────────────────────────╯╰──────────────────────────────────────╯  │"
"│                                                                                                                                  │"
"╰──────────────────────────────────────────────────────────────────────────────────────────────────────────────────────────────────╯"
