---
source: fleet-ui/tests/review_ios_page_design_snapshot.rs
expression: out
---
"╭ REVIEW ──────────────────────────────────────────────────────────────────────────────────╮"
"│                                                                                          │"
"│                                                                                          │"
"│  REVIEW QUEUE  ·  0 pending                           ◖ ◎ auto-reviewer on · last 41s ◗  │"
"│                                                                                          │"
"│  approval queue · auto-reviewer rationale · file risk                                    │"
"│  ╭ APPROVAL QUEUE ────────────────────────────────────────────────────────────────────╮  │"
"│  │                                                                                    │  │"
"│  │                                                                                    │  │"
"│  │                                                                                    │  │"
"│  │                                                                                    │  │"
"│  │                        queue clear · auto-reviewer caught up                       │  │"
"│  │                                                                                    │  │"
"│  │                                                                                    │  │"
"│  │                                                                                    │  │"
"│  │                                                                                    │  │"
"│  ╰────────────────────────────────────────────────────────────────────────────────────╯  │"
"│  ╭ RECENT DECISIONS ──────────────────────────────────────────────────────────────────╮  │"
"│  │  LOW  REV-141 approved 4m                                                          │  │"
"│  │  HIGH  REV-140 denied 11m                                                          │  │"
"│  │  MED  REV-139 verified 18m                                                         │  │"
"│  │                                                                                    │  │"
"│  │                                                                                    │  │"
"│  ╰────────────────────────────────────────────────────────────────────────────────────╯  │"
"│                                                                                          │"
"╰──────────────────────────────────────────────────────────────────────────────────────────╯"
